// Vitest Snapshot v1, https://vitest.dev/guide/snapshot.html

exports[`matriz rol × módulo × acción — defaults estáticos > coincide con el snapshot (regenerar con -u si el cambio es intencional) 1`] = `
{
  "administrador": {
    "actividades:completar": true,
    "actividades:crear": true,
    "actividades:editar": true,
    "actividades:eliminar": true,
    "actividades:ver_propio": false,
    "actividades:ver_todos": true,
    "asistencias:editar": true,
    "asistencias:eliminar": true,
    "asistencias:marcar": true,
    "asistencias:ver_propio": false,
    "asistencias:ver_todos": true,
    "auditoria:ver": true,
    "calendario:crear": true,
    "calendario:editar": true,
    "calendario:eliminar": true,
    "calendario:ver_propio": false,
    "calendario:ver_todos": true,
    "config_actividades:editar": true,
    "config_actividades:ver": true,
    "config_asistencias:editar": true,
    "config_asistencias:ver": true,
    "config_calendario:editar": true,
    "config_calendario:ver": true,
    "config_contactos:editar": true,
    "config_contactos:ver": true,
    "config_correo:editar": true,
    "config_correo:ver": true,
    "config_empresa:editar": true,
    "config_empresa:eliminar": false,
    "config_empresa:ver": true,
    "config_facturas:editar": true,
    "config_facturas:ver": true,
    "config_informes:editar": true,
    "config_informes:ver": true,
    "config_interno:editar": true,
    "config_interno:ver": true,
    "config_ordenes_trabajo:editar": true,
    "config_ordenes_trabajo:ver": true,
    "config_presupuestos:editar": true,
    "config_presupuestos:ver": true,
    "config_productos:editar": true,
    "config_productos:ver": true,
    "config_recorrido:editar": true,
    "config_recorrido:ver": true,
    "config_usuarios:editar": true,
    "config_usuarios:ver": true,
    "config_visitas:editar": true,
    "config_visitas:ver": true,
    "config_whatsapp:editar": true,
    "config_whatsapp:ver": true,
    "contactos:crear": true,
    "contactos:editar": true,
    "contactos:eliminar": true,
    "contactos:ver_propio": false,
    "contactos:ver_todos": true,
    "facturas:crear": true,
    "facturas:editar": true,
    "facturas:eliminar": true,
    "facturas:enviar": true,
    "facturas:ver_propio": false,
    "facturas:ver_todos": true,
    "inbox_correo:eliminar": true,
    "inbox_correo:enviar": true,
    "inbox_correo:ver_propio": false,
    "inbox_correo:ver_todos": true,
    "inbox_interno:eliminar": true,
    "inbox_interno:enviar": true,
    "inbox_interno:ver_propio": false,
    "inbox_interno:ver_todos": true,
    "inbox_whatsapp:eliminar": true,
    "inbox_whatsapp:enviar": true,
    "inbox_whatsapp:ver_propio": false,
    "inbox_whatsapp:ver_todos": true,
    "informes:crear": true,
    "informes:editar": true,
    "informes:eliminar": true,
    "informes:enviar": true,
    "informes:ver_propio": false,
    "informes:ver_todos": true,
    "nomina:editar": true,
    "nomina:enviar": true,
    "nomina:ver_propio": false,
    "nomina:ver_todos": true,
    "notas:crear": true,
    "notas:editar": true,
    "notas:eliminar": true,
    "notas:ver_propio": true,
    "ordenes_trabajo:completar": true,
    "ordenes_trabajo:completar_etapa": true,
    "ordenes_trabajo:crear": true,
    "ordenes_trabajo:editar": true,
    "ordenes_trabajo:eliminar": true,
    "ordenes_trabajo:ver_propio": false,
    "ordenes_trabajo:ver_todos": true,
    "presupuestos:crear": true,
    "presupuestos:editar": true,
    "presupuestos:eliminar": true,
    "presupuestos:enviar": true,
    "presupuestos:ver_propio": false,
    "presupuestos:ver_todos": true,
    "productos:crear": true,
    "productos:editar": true,
    "productos:eliminar": true,
    "productos:ver": true,
    "recordatorios:completar": true,
    "recordatorios:crear": true,
    "recordatorios:editar": true,
    "recordatorios:eliminar": true,
    "recordatorios:ver_propio": true,
    "recorrido:registrar": false,
    "recorrido:reordenar": false,
    "recorrido:ver_propio": false,
    "recorrido:ver_todos": true,
    "usuarios:aprobar": true,
    "usuarios:editar": true,
    "usuarios:eliminar": true,
    "usuarios:invitar": true,
    "usuarios:ver": true,
    "visitas:asignar": true,
    "visitas:completar": true,
    "visitas:crear": true,
    "visitas:editar": true,
    "visitas:eliminar": true,
    "visitas:ver_propio": false,
    "visitas:ver_todos": true,
  },
  "colaborador": {
    "actividades:completar": true,
    "actividades:crear": false,
    "actividades:editar": false,
    "actividades:eliminar": false,
    "actividades:ver_propio": true,
    "actividades:ver_todos": false,
    "asistencias:editar": false,
    "asistencias:eliminar": false,
    "asistencias:marcar": true,
    "asistencias:ver_propio": true,
    "asistencias:ver_todos": false,
    "auditoria:ver": false,
    "calendario:crear": false,
    "calendario:editar": false,
    "calendario:eliminar": false,
    "calendario:ver_propio": true,
    "calendario:ver_todos": false,
    "config_actividades:editar": false,
    "config_actividades:ver": false,
    "config_asistencias:editar": false,
    "config_asistencias:ver": false,
    "config_calendario:editar": false,
    "config_calendario:ver": false,
    "config_contactos:editar": false,
    "config_contactos:ver": false,
    "config_correo:editar": false,
    "config_correo:ver": false,
    "config_empresa:editar": false,
    "config_empresa:eliminar": false,
    "config_empresa:ver": false,
    "config_facturas:editar": false,
    "config_facturas:ver": false,
    "config_informes:editar": false,
    "config_informes:ver": false,
    "config_interno:editar": false,
    "config_interno:ver": false,
    "config_ordenes_trabajo:editar": false,
    "config_ordenes_trabajo:ver": false,
    "config_presupuestos:editar": false,
    "config_presupuestos:ver": false,
    "config_productos:editar": false,
    "config_productos:ver": false,
    "config_recorrido:editar": false,
    "config_recorrido:ver": false,
    "config_usuarios:editar": false,
    "config_usuarios:ver": false,
    "config_visitas:editar": false,
    "config_visitas:ver": false,
    "config_whatsapp:editar": false,
    "config_whatsapp:ver": false,
    "contactos:crear": false,
    "contactos:editar": false,
    "contactos:eliminar": false,
    "contactos:ver_propio": false,
    "contactos:ver_todos": false,
    "facturas:crear": false,
    "facturas:editar": false,
    "facturas:eliminar": false,
    "facturas:enviar": false,
    "facturas:ver_propio": false,
    "facturas:ver_todos": false,
    "inbox_correo:eliminar": false,
    "inbox_correo:enviar": false,
    "inbox_correo:ver_propio": false,
    "inbox_correo:ver_todos": false,
    "inbox_interno:eliminar": false,
    "inbox_interno:enviar": true,
    "inbox_interno:ver_propio": true,
    "inbox_interno:ver_todos": false,
    "inbox_whatsapp:eliminar": false,
    "inbox_whatsapp:enviar": false,
    "inbox_whatsapp:ver_propio": false,
    "inbox_whatsapp:ver_todos": false,
    "informes:crear": false,
    "informes:editar": false,
    "informes:eliminar": false,
    "informes:enviar": false,
    "informes:ver_propio": false,
    "informes:ver_todos": false,
    "nomina:editar": false,
    "nomina:enviar": false,
    "nomina:ver_propio": true,
    "nomina:ver_todos": false,
    "notas:crear": true,
    "notas:editar": true,
    "notas:eliminar": true,
    "notas:ver_propio": true,
    "ordenes_trabajo:completar": false,
    "ordenes_trabajo:completar_etapa": true,
    "ordenes_trabajo:crear": false,
    "ordenes_trabajo:editar": false,
    "ordenes_trabajo:eliminar": false,
    "ordenes_trabajo:ver_propio": true,
    "ordenes_trabajo:ver_todos": false,
    "presupuestos:crear": false,
    "presupuestos:editar": false,
    "presupuestos:eliminar": false,
    "presupuestos:enviar": false,
    "presupuestos:ver_propio": false,
    "presupuestos:ver_todos": false,
    "productos:crear": false,
    "productos:editar": false,
    "productos:eliminar": false,
    "productos:ver": false,
    "recordatorios:completar": true,
    "recordatorios:crear": true,
    "recordatorios:editar": true,
    "recordatorios:eliminar": true,
    "recordatorios:ver_propio": true,
    "recorrido:registrar": true,
    "recorrido:reordenar": true,
    "recorrido:ver_propio": true,
    "recorrido:ver_todos": false,
    "usuarios:aprobar": false,
    "usuarios:editar": false,
    "usuarios:eliminar": false,
    "usuarios:invitar": false,
    "usuarios:ver": false,
    "visitas:asignar": false,
    "visitas:completar": true,
    "visitas:crear": false,
    "visitas:editar": false,
    "visitas:eliminar": false,
    "visitas:ver_propio": true,
    "visitas:ver_todos": false,
  },
  "gestor": {
    "actividades:completar": true,
    "actividades:crear": true,
    "actividades:editar": true,
    "actividades:eliminar": true,
    "actividades:ver_propio": false,
    "actividades:ver_todos": true,
    "asistencias:editar": false,
    "asistencias:eliminar": false,
    "asistencias:marcar": true,
    "asistencias:ver_propio": false,
    "asistencias:ver_todos": true,
    "auditoria:ver": false,
    "calendario:crear": true,
    "calendario:editar": true,
    "calendario:eliminar": true,
    "calendario:ver_propio": false,
    "calendario:ver_todos": true,
    "config_actividades:editar": false,
    "config_actividades:ver": false,
    "config_asistencias:editar": false,
    "config_asistencias:ver": false,
    "config_calendario:editar": false,
    "config_calendario:ver": false,
    "config_contactos:editar": false,
    "config_contactos:ver": false,
    "config_correo:editar": false,
    "config_correo:ver": false,
    "config_empresa:editar": false,
    "config_empresa:eliminar": false,
    "config_empresa:ver": false,
    "config_facturas:editar": false,
    "config_facturas:ver": false,
    "config_informes:editar": false,
    "config_informes:ver": false,
    "config_interno:editar": false,
    "config_interno:ver": false,
    "config_ordenes_trabajo:editar": false,
    "config_ordenes_trabajo:ver": false,
    "config_presupuestos:editar": false,
    "config_presupuestos:ver": false,
    "config_productos:editar": false,
    "config_productos:ver": false,
    "config_recorrido:editar": false,
    "config_recorrido:ver": false,
    "config_usuarios:editar": false,
    "config_usuarios:ver": false,
    "config_visitas:editar": false,
    "config_visitas:ver": false,
    "config_whatsapp:editar": false,
    "config_whatsapp:ver": false,
    "contactos:crear": true,
    "contactos:editar": true,
    "contactos:eliminar": true,
    "contactos:ver_propio": false,
    "contactos:ver_todos": true,
    "facturas:crear": true,
    "facturas:editar": true,
    "facturas:eliminar": true,
    "facturas:enviar": true,
    "facturas:ver_propio": false,
    "facturas:ver_todos": true,
    "inbox_correo:eliminar": true,
    "inbox_correo:enviar": true,
    "inbox_correo:ver_propio": false,
    "inbox_correo:ver_todos": true,
    "inbox_interno:eliminar": true,
    "inbox_interno:enviar": true,
    "inbox_interno:ver_propio": false,
    "inbox_interno:ver_todos": true,
    "inbox_whatsapp:eliminar": true,
    "inbox_whatsapp:enviar": true,
    "inbox_whatsapp:ver_propio": false,
    "inbox_whatsapp:ver_todos": true,
    "informes:crear": true,
    "informes:editar": true,
    "informes:eliminar": false,
    "informes:enviar": false,
    "informes:ver_propio": false,
    "informes:ver_todos": true,
    "nomina:editar": false,
    "nomina:enviar": false,
    "nomina:ver_propio": false,
    "nomina:ver_todos": true,
    "notas:crear": true,
    "notas:editar": true,
    "notas:eliminar": true,
    "notas:ver_propio": true,
    "ordenes_trabajo:completar": true,
    "ordenes_trabajo:completar_etapa": true,
    "ordenes_trabajo:crear": true,
    "ordenes_trabajo:editar": true,
    "ordenes_trabajo:eliminar": false,
    "ordenes_trabajo:ver_propio": false,
    "ordenes_trabajo:ver_todos": true,
    "presupuestos:crear": true,
    "presupuestos:editar": true,
    "presupuestos:eliminar": true,
    "presupuestos:enviar": true,
    "presupuestos:ver_propio": false,
    "presupuestos:ver_todos": true,
    "productos:crear": true,
    "productos:editar": true,
    "productos:eliminar": false,
    "productos:ver": true,
    "recordatorios:completar": true,
    "recordatorios:crear": true,
    "recordatorios:editar": true,
    "recordatorios:eliminar": true,
    "recordatorios:ver_propio": true,
    "recorrido:registrar": false,
    "recorrido:reordenar": false,
    "recorrido:ver_propio": false,
    "recorrido:ver_todos": true,
    "usuarios:aprobar": false,
    "usuarios:editar": false,
    "usuarios:eliminar": false,
    "usuarios:invitar": false,
    "usuarios:ver": false,
    "visitas:asignar": true,
    "visitas:completar": true,
    "visitas:crear": true,
    "visitas:editar": true,
    "visitas:eliminar": true,
    "visitas:ver_propio": false,
    "visitas:ver_todos": true,
  },
  "invitado": {
    "actividades:completar": false,
    "actividades:crear": false,
    "actividades:editar": false,
    "actividades:eliminar": false,
    "actividades:ver_propio": false,
    "actividades:ver_todos": false,
    "asistencias:editar": false,
    "asistencias:eliminar": false,
    "asistencias:marcar": false,
    "asistencias:ver_propio": false,
    "asistencias:ver_todos": false,
    "auditoria:ver": false,
    "calendario:crear": false,
    "calendario:editar": false,
    "calendario:eliminar": false,
    "calendario:ver_propio": false,
    "calendario:ver_todos": false,
    "config_actividades:editar": false,
    "config_actividades:ver": false,
    "config_asistencias:editar": false,
    "config_asistencias:ver": false,
    "config_calendario:editar": false,
    "config_calendario:ver": false,
    "config_contactos:editar": false,
    "config_contactos:ver": false,
    "config_correo:editar": false,
    "config_correo:ver": false,
    "config_empresa:editar": false,
    "config_empresa:eliminar": false,
    "config_empresa:ver": false,
    "config_facturas:editar": false,
    "config_facturas:ver": false,
    "config_informes:editar": false,
    "config_informes:ver": false,
    "config_interno:editar": false,
    "config_interno:ver": false,
    "config_ordenes_trabajo:editar": false,
    "config_ordenes_trabajo:ver": false,
    "config_presupuestos:editar": false,
    "config_presupuestos:ver": false,
    "config_productos:editar": false,
    "config_productos:ver": false,
    "config_recorrido:editar": false,
    "config_recorrido:ver": false,
    "config_usuarios:editar": false,
    "config_usuarios:ver": false,
    "config_visitas:editar": false,
    "config_visitas:ver": false,
    "config_whatsapp:editar": false,
    "config_whatsapp:ver": false,
    "contactos:crear": false,
    "contactos:editar": false,
    "contactos:eliminar": false,
    "contactos:ver_propio": false,
    "contactos:ver_todos": false,
    "facturas:crear": false,
    "facturas:editar": false,
    "facturas:eliminar": false,
    "facturas:enviar": false,
    "facturas:ver_propio": false,
    "facturas:ver_todos": false,
    "inbox_correo:eliminar": false,
    "inbox_correo:enviar": false,
    "inbox_correo:ver_propio": false,
    "inbox_correo:ver_todos": false,
    "inbox_interno:eliminar": false,
    "inbox_interno:enviar": false,
    "inbox_interno:ver_propio": false,
    "inbox_interno:ver_todos": false,
    "inbox_whatsapp:eliminar": false,
    "inbox_whatsapp:enviar": false,
    "inbox_whatsapp:ver_propio": false,
    "inbox_whatsapp:ver_todos": false,
    "informes:crear": false,
    "informes:editar": false,
    "informes:eliminar": false,
    "informes:enviar": false,
    "informes:ver_propio": false,
    "informes:ver_todos": false,
    "nomina:editar": false,
    "nomina:enviar": false,
    "nomina:ver_propio": false,
    "nomina:ver_todos": false,
    "notas:crear": false,
    "notas:editar": false,
    "notas:eliminar": false,
    "notas:ver_propio": false,
    "ordenes_trabajo:completar": false,
    "ordenes_trabajo:completar_etapa": false,
    "ordenes_trabajo:crear": false,
    "ordenes_trabajo:editar": false,
    "ordenes_trabajo:eliminar": false,
    "ordenes_trabajo:ver_propio": false,
    "ordenes_trabajo:ver_todos": false,
    "presupuestos:crear": false,
    "presupuestos:editar": false,
    "presupuestos:eliminar": false,
    "presupuestos:enviar": false,
    "presupuestos:ver_propio": false,
    "presupuestos:ver_todos": false,
    "productos:crear": false,
    "productos:editar": false,
    "productos:eliminar": false,
    "productos:ver": false,
    "recordatorios:completar": false,
    "recordatorios:crear": false,
    "recordatorios:editar": false,
    "recordatorios:eliminar": false,
    "recordatorios:ver_propio": false,
    "recorrido:registrar": false,
    "recorrido:reordenar": false,
    "recorrido:ver_propio": false,
    "recorrido:ver_todos": false,
    "usuarios:aprobar": false,
    "usuarios:editar": false,
    "usuarios:eliminar": false,
    "usuarios:invitar": false,
    "usuarios:ver": false,
    "visitas:asignar": false,
    "visitas:completar": false,
    "visitas:crear": false,
    "visitas:editar": false,
    "visitas:eliminar": false,
    "visitas:ver_propio": false,
    "visitas:ver_todos": false,
  },
  "propietario": {
    "actividades:completar": true,
    "actividades:crear": true,
    "actividades:editar": true,
    "actividades:eliminar": true,
    "actividades:ver_propio": true,
    "actividades:ver_todos": true,
    "asistencias:editar": true,
    "asistencias:eliminar": true,
    "asistencias:marcar": true,
    "asistencias:ver_propio": true,
    "asistencias:ver_todos": true,
    "auditoria:ver": true,
    "calendario:crear": true,
    "calendario:editar": true,
    "calendario:eliminar": true,
    "calendario:ver_propio": true,
    "calendario:ver_todos": true,
    "config_actividades:editar": true,
    "config_actividades:ver": true,
    "config_asistencias:editar": true,
    "config_asistencias:ver": true,
    "config_calendario:editar": true,
    "config_calendario:ver": true,
    "config_contactos:editar": true,
    "config_contactos:ver": true,
    "config_correo:editar": true,
    "config_correo:ver": true,
    "config_empresa:editar": true,
    "config_empresa:eliminar": true,
    "config_empresa:ver": true,
    "config_facturas:editar": true,
    "config_facturas:ver": true,
    "config_informes:editar": true,
    "config_informes:ver": true,
    "config_interno:editar": true,
    "config_interno:ver": true,
    "config_ordenes_trabajo:editar": true,
    "config_ordenes_trabajo:ver": true,
    "config_presupuestos:editar": true,
    "config_presupuestos:ver": true,
    "config_productos:editar": true,
    "config_productos:ver": true,
    "config_recorrido:editar": true,
    "config_recorrido:ver": true,
    "config_usuarios:editar": true,
    "config_usuarios:ver": true,
    "config_visitas:editar": true,
    "config_visitas:ver": true,
    "config_whatsapp:editar": true,
    "config_whatsapp:ver": true,
    "contactos:crear": true,
    "contactos:editar": true,
    "contactos:eliminar": true,
    "contactos:ver_propio": true,
    "contactos:ver_todos": true,
    "facturas:crear": true,
    "facturas:editar": true,
    "facturas:eliminar": true,
    "facturas:enviar": true,
    "facturas:ver_propio": true,
    "facturas:ver_todos": true,
    "inbox_correo:eliminar": true,
    "inbox_correo:enviar": true,
    "inbox_correo:ver_propio": true,
    "inbox_correo:ver_todos": true,
    "inbox_interno:eliminar": true,
    "inbox_interno:enviar": true,
    "inbox_interno:ver_propio": true,
    "inbox_interno:ver_todos": true,
    "inbox_whatsapp:eliminar": true,
    "inbox_whatsapp:enviar": true,
    "inbox_whatsapp:ver_propio": true,
    "inbox_whatsapp:ver_todos": true,
    "informes:crear": true,
    "informes:editar": true,
    "informes:eliminar": true,
    "informes:enviar": true,
    "informes:ver_propio": true,
    "informes:ver_todos": true,
    "nomina:editar": true,
    "nomina:enviar": true,
    "nomina:ver_propio": true,
    "nomina:ver_todos": true,
    "notas:crear": true,
    "notas:editar": true,
    "notas:eliminar": true,
    "notas:ver_propio": true,
    "ordenes_trabajo:completar": true,
    "ordenes_trabajo:completar_etapa": true,
    "ordenes_trabajo:crear": true,
    "ordenes_trabajo:editar": true,
    "ordenes_trabajo:eliminar": true,
    "ordenes_trabajo:ver_propio": true,
    "ordenes_trabajo:ver_todos": true,
    "presupuestos:crear": true,
    "presupuestos:editar": true,
    "presupuestos:eliminar": true,
    "presupuestos:enviar": true,
    "presupuestos:ver_propio": true,
    "presupuestos:ver_todos": true,
    "productos:crear": true,
    "productos:editar": true,
    "productos:eliminar": true,
    "productos:ver": true,
    "recordatorios:completar": true,
    "recordatorios:crear": true,
    "recordatorios:editar": true,
    "recordatorios:eliminar": true,
    "recordatorios:ver_propio": true,
    "recorrido:registrar": true,
    "recorrido:reordenar": true,
    "recorrido:ver_propio": true,
    "recorrido:ver_todos": true,
    "usuarios:aprobar": true,
    "usuarios:editar": true,
    "usuarios:eliminar": true,
    "usuarios:invitar": true,
    "usuarios:ver": true,
    "visitas:asignar": true,
    "visitas:completar": true,
    "visitas:crear": true,
    "visitas:editar": true,
    "visitas:eliminar": true,
    "visitas:ver_propio": true,
    "visitas:ver_todos": true,
  },
  "supervisor": {
    "actividades:completar": true,
    "actividades:crear": true,
    "actividades:editar": true,
    "actividades:eliminar": false,
    "actividades:ver_propio": false,
    "actividades:ver_todos": true,
    "asistencias:editar": false,
    "asistencias:eliminar": false,
    "asistencias:marcar": false,
    "asistencias:ver_propio": false,
    "asistencias:ver_todos": true,
    "auditoria:ver": false,
    "calendario:crear": false,
    "calendario:editar": false,
    "calendario:eliminar": false,
    "calendario:ver_propio": false,
    "calendario:ver_todos": true,
    "config_actividades:editar": false,
    "config_actividades:ver": false,
    "config_asistencias:editar": false,
    "config_asistencias:ver": false,
    "config_calendario:editar": false,
    "config_calendario:ver": false,
    "config_contactos:editar": false,
    "config_contactos:ver": false,
    "config_correo:editar": false,
    "config_correo:ver": false,
    "config_empresa:editar": false,
    "config_empresa:eliminar": false,
    "config_empresa:ver": false,
    "config_facturas:editar": false,
    "config_facturas:ver": false,
    "config_informes:editar": false,
    "config_informes:ver": false,
    "config_interno:editar": false,
    "config_interno:ver": false,
    "config_ordenes_trabajo:editar": false,
    "config_ordenes_trabajo:ver": false,
    "config_presupuestos:editar": false,
    "config_presupuestos:ver": false,
    "config_productos:editar": false,
    "config_productos:ver": false,
    "config_recorrido:editar": false,
    "config_recorrido:ver": false,
    "config_usuarios:editar": false,
    "config_usuarios:ver": false,
    "config_visitas:editar": false,
    "config_visitas:ver": false,
    "config_whatsapp:editar": false,
    "config_whatsapp:ver": false,
    "contactos:crear": true,
    "contactos:editar": true,
    "contactos:eliminar": false,
    "contactos:ver_propio": false,
    "contactos:ver_todos": true,
    "facturas:crear": false,
    "facturas:editar": false,
    "facturas:eliminar": false,
    "facturas:enviar": false,
    "facturas:ver_propio": false,
    "facturas:ver_todos": false,
    "inbox_correo:eliminar": false,
    "inbox_correo:enviar": false,
    "inbox_correo:ver_propio": false,
    "inbox_correo:ver_todos": false,
    "inbox_interno:eliminar": false,
    "inbox_interno:enviar": false,
    "inbox_interno:ver_propio": false,
    "inbox_interno:ver_todos": false,
    "inbox_whatsapp:eliminar": false,
    "inbox_whatsapp:enviar": false,
    "inbox_whatsapp:ver_propio": false,
    "inbox_whatsapp:ver_todos": false,
    "informes:crear": false,
    "informes:editar": false,
    "informes:eliminar": false,
    "informes:enviar": false,
    "informes:ver_propio": false,
    "informes:ver_todos": true,
    "nomina:editar": false,
    "nomina:enviar": false,
    "nomina:ver_propio": false,
    "nomina:ver_todos": false,
    "notas:crear": true,
    "notas:editar": true,
    "notas:eliminar": true,
    "notas:ver_propio": true,
    "ordenes_trabajo:completar": false,
    "ordenes_trabajo:completar_etapa": false,
    "ordenes_trabajo:crear": false,
    "ordenes_trabajo:editar": false,
    "ordenes_trabajo:eliminar": false,
    "ordenes_trabajo:ver_propio": false,
    "ordenes_trabajo:ver_todos": false,
    "presupuestos:crear": false,
    "presupuestos:editar": false,
    "presupuestos:eliminar": false,
    "presupuestos:enviar": false,
    "presupuestos:ver_propio": false,
    "presupuestos:ver_todos": false,
    "productos:crear": false,
    "productos:editar": false,
    "productos:eliminar": false,
    "productos:ver": false,
    "recordatorios:completar": true,
    "recordatorios:crear": true,
    "recordatorios:editar": true,
    "recordatorios:eliminar": true,
    "recordatorios:ver_propio": true,
    "recorrido:registrar": false,
    "recorrido:reordenar": false,
    "recorrido:ver_propio": false,
    "recorrido:ver_todos": true,
    "usuarios:aprobar": false,
    "usuarios:editar": false,
    "usuarios:eliminar": false,
    "usuarios:invitar": false,
    "usuarios:ver": false,
    "visitas:asignar": true,
    "visitas:completar": false,
    "visitas:crear": true,
    "visitas:editar": true,
    "visitas:eliminar": false,
    "visitas:ver_propio": false,
    "visitas:ver_todos": true,
  },
  "vendedor": {
    "actividades:completar": true,
    "actividades:crear": true,
    "actividades:editar": true,
    "actividades:eliminar": false,
    "actividades:ver_propio": true,
    "actividades:ver_todos": false,
    "asistencias:editar": false,
    "asistencias:eliminar": false,
    "asistencias:marcar": true,
    "asistencias:ver_propio": true,
    "asistencias:ver_todos": false,
    "auditoria:ver": false,
    "calendario:crear": true,
    "calendario:editar": true,
    "calendario:eliminar": false,
    "calendario:ver_propio": true,
    "calendario:ver_todos": false,
    "config_actividades:editar": false,
    "config_actividades:ver": false,
    "config_asistencias:editar": false,
    "config_asistencias:ver": false,
    "config_calendario:editar": false,
    "config_calendario:ver": false,
    "config_contactos:editar": false,
    "config_contactos:ver": false,
    "config_correo:editar": false,
    "config_correo:ver": false,
    "config_empresa:editar": false,
    "config_empresa:eliminar": false,
    "config_empresa:ver": false,
    "config_facturas:editar": false,
    "config_facturas:ver": false,
    "config_informes:editar": false,
    "config_informes:ver": false,
    "config_interno:editar": false,
    "config_interno:ver": false,
    "config_ordenes_trabajo:editar": false,
    "config_ordenes_trabajo:ver": false,
    "config_presupuestos:editar": false,
    "config_presupuestos:ver": false,
    "config_productos:editar": false,
    "config_productos:ver": false,
    "config_recorrido:editar": false,
    "config_recorrido:ver": false,
    "config_usuarios:editar": false,
    "config_usuarios:ver": false,
    "config_visitas:editar": false,
    "config_visitas:ver": false,
    "config_whatsapp:editar": false,
    "config_whatsapp:ver": false,
    "contactos:crear": true,
    "contactos:editar": true,
    "contactos:eliminar": false,
    "contactos:ver_propio": true,
    "contactos:ver_todos": false,
    "facturas:crear": false,
    "facturas:editar": false,
    "facturas:eliminar": false,
    "facturas:enviar": false,
    "facturas:ver_propio": false,
    "facturas:ver_todos": false,
    "inbox_correo:eliminar": false,
    "inbox_correo:enviar": true,
    "inbox_correo:ver_propio": true,
    "inbox_correo:ver_todos": false,
    "inbox_interno:eliminar": false,
    "inbox_interno:enviar": true,
    "inbox_interno:ver_propio": true,
    "inbox_interno:ver_todos": false,
    "inbox_whatsapp:eliminar": false,
    "inbox_whatsapp:enviar": true,
    "inbox_whatsapp:ver_propio": true,
    "inbox_whatsapp:ver_todos": false,
    "informes:crear": false,
    "informes:editar": false,
    "informes:eliminar": false,
    "informes:enviar": false,
    "informes:ver_propio": false,
    "informes:ver_todos": false,
    "nomina:editar": false,
    "nomina:enviar": false,
    "nomina:ver_propio": true,
    "nomina:ver_todos": false,
    "notas:crear": true,
    "notas:editar": true,
    "notas:eliminar": true,
    "notas:ver_propio": true,
    "ordenes_trabajo:completar": false,
    "ordenes_trabajo:completar_etapa": false,
    "ordenes_trabajo:crear": false,
    "ordenes_trabajo:editar": false,
    "ordenes_trabajo:eliminar": false,
    "ordenes_trabajo:ver_propio": false,
    "ordenes_trabajo:ver_todos": false,
    "presupuestos:crear": true,
    "presupuestos:editar": true,
    "presupuestos:eliminar": false,
    "presupuestos:enviar": true,
    "presupuestos:ver_propio": true,
    "presupuestos:ver_todos": false,
    "productos:crear": false,
    "productos:editar": false,
    "productos:eliminar": false,
    "productos:ver": true,
    "recordatorios:completar": true,
    "recordatorios:crear": true,
    "recordatorios:editar": true,
    "recordatorios:eliminar": true,
    "recordatorios:ver_propio": true,
    "recorrido:registrar": true,
    "recorrido:reordenar": true,
    "recorrido:ver_propio": true,
    "recorrido:ver_todos": false,
    "usuarios:aprobar": false,
    "usuarios:editar": false,
    "usuarios:eliminar": false,
    "usuarios:invitar": false,
    "usuarios:ver": false,
    "visitas:asignar": false,
    "visitas:completar": true,
    "visitas:crear": true,
    "visitas:editar": true,
    "visitas:eliminar": false,
    "visitas:ver_propio": true,
    "visitas:ver_todos": false,
  },
}
`;
